11/04/2026 09:40:57 [INFO]: 🚀 Varredura de novos arquivos iniciada.
11/04/2026 09:41:02 [INFO]: 📁 Analisando pacote de dados: session_summary_teste_20260411_051427.json
11/04/2026 09:41:02 [ERROR]: ❌ Falha crítica ao processar pacote session_summary_teste_20260411_051427.json: table sessoes has no column named id_paciente. Pulando para o próximo.
11/04/2026 09:41:02 [INFO]: 📁 Analisando pacote de dados: session_summary_teste2_20260411_093628.json
11/04/2026 09:41:02 [ERROR]: ❌ Falha crítica ao processar pacote session_summary_teste2_20260411_093628.json: table sessoes has no column named id_paciente. Pulando para o próximo.
11/04/2026 09:41:02 [INFO]: 🔚 Ciclo de varredura finalizado de forma estável.
11/04/2026 09:49:40 [INFO]: 🚀 Varredura de novos arquivos iniciada.
11/04/2026 09:49:40 [INFO]: 📁 Analisando pacote de dados: session_summary_teste_20260411_051427.json
11/04/2026 09:49:40 [WARNING]:  ⚠️ Arquivo de laser correspondente ausente. Pulando dados físicos.
11/04/2026 09:49:40 [INFO]: ✅ Sessão salva no banco de dados com ID: 1.
11/04/2026 09:49:40 [INFO]: 📦 Arquivos físicos movidos para a pasta 'processados'.
11/04/2026 09:49:40 [INFO]: 📁 Analisando pacote de dados: session_summary_teste2_20260411_093628.json
11/04/2026 09:49:40 [WARNING]:  ⚠️ Arquivo de laser correspondente ausente. Pulando dados físicos.
11/04/2026 09:49:40 [INFO]: ✅ Sessão salva no banco de dados com ID: 2.
11/04/2026 09:49:40 [INFO]: 📦 Arquivos físicos movidos para a pasta 'processados'.
11/04/2026 09:49:40 [INFO]: 🔚 Ciclo de varredura finalizado de forma estável.
06/08/2026 09:44:51 [INFO]: 🚀 Varredura de novos arquivos iniciada.
06/08/2026 09:44:51 [INFO]: 📁 Analisando pacote de dados: session_summary_Yago_20260806_094214.json
06/08/2026 09:44:51 [WARNING]:  ⚠️ Arquivo de laser correspondente ausente. Pulando dados físicos.
06/08/2026 09:44:51 [INFO]: ✅ Sessão salva no banco de dados com ID: 3.
06/08/2026 09:44:51 [INFO]: 📦 Arquivos físicos movidos para a pasta 'processados'.
06/08/2026 09:44:51 [INFO]: 🔚 Ciclo de varredura finalizado de forma estável.
06/08/2026 11:00:22 [INFO]: 🚀 Varredura de novos arquivos iniciada.
06/08/2026 11:00:22 [INFO]: ℹ️ Nenhum novo arquivo mestre localizado para integração.
06/08/2026 11:03:33 [INFO]: 🚀 Varredura de novos arquivos iniciada.
06/08/2026 11:03:33 [INFO]: 📁 Analisando pacote de dados: session_summary_daniel_teste_20260806_110311.json
06/08/2026 11:03:33 [WARNING]:  ⚠️ Arquivo de laser correspondente ausente. Pulando dados físicos.
06/08/2026 11:03:33 [INFO]: ✅ Sessão salva no banco de dados com ID: 4.
06/08/2026 11:03:33 [INFO]: 📦 Arquivos físicos movidos para a pasta 'processados'.
06/08/2026 11:03:33 [INFO]: 🔚 Ciclo de varredura finalizado de forma estável.
